[0.102s] DEBUG:colcon:Command line arguments: ['/usr/bin/colcon', 'build']
[0.103s] DEBUG:colcon:Parsed command line arguments: Namespace(log_base=None, log_level=None, verb_name='build', build_base='build', install_base='install', merge_install=False, symlink_install=False, test_result_base=None, continue_on_error=False, executor='parallel', parallel_workers=8, event_handlers=None, ignore_user_meta=False, metas=['./colcon.meta'], base_paths=['.'], packages_ignore=None, packages_ignore_regex=None, paths=None, packages_up_to=None, packages_up_to_regex=None, packages_above=None, packages_above_and_dependencies=None, packages_above_depth=None, packages_select_by_dep=None, packages_skip_by_dep=None, packages_skip_up_to=None, packages_select_build_failed=False, packages_skip_build_finished=False, packages_select_test_failures=False, packages_skip_test_passed=False, packages_select=None, packages_skip=None, packages_select_regex=None, packages_skip_regex=None, packages_start=None, packages_end=None, allow_overriding=[], cmake_args=None, cmake_target=None, cmake_target_skip_unavailable=False, cmake_clean_cache=False, cmake_clean_first=False, cmake_force_configure=False, ament_cmake_args=None, catkin_cmake_args=None, catkin_skip_building_tests=False, mixin_files=None, mixin=None, verb_parser=<colcon_mixin.mixin.mixin_argument.MixinArgumentDecorator object at 0x7d57d99b7560>, verb_extension=<colcon_core.verb.build.BuildVerb object at 0x7d57d93bb2f0>, main=<bound method BuildVerb.main of <colcon_core.verb.build.BuildVerb object at 0x7d57d93bb2f0>>, mixin_verb=('build',))
[0.148s] Level 1:colcon.colcon_core.package_discovery:discover_packages(colcon_meta) check parameters
[0.148s] Level 1:colcon.colcon_core.package_discovery:discover_packages(recursive) check parameters
[0.148s] Level 1:colcon.colcon_core.package_discovery:discover_packages(ignore) check parameters
[0.148s] Level 1:colcon.colcon_core.package_discovery:discover_packages(path) check parameters
[0.148s] Level 1:colcon.colcon_core.package_discovery:discover_packages(colcon_meta) discover
[0.148s] Level 1:colcon.colcon_core.package_discovery:discover_packages(recursive) discover
[0.148s] INFO:colcon.colcon_core.package_discovery:Crawling recursively for packages in '/home/v120506/rmitbot_v4/lesson9_ws'
[0.148s] Level 1:colcon.colcon_core.package_identification:_identify(.) by extensions ['ignore', 'ignore_ament_install']
[0.148s] Level 1:colcon.colcon_core.package_identification:_identify(.) by extension 'ignore'
[0.148s] Level 1:colcon.colcon_core.package_identification:_identify(.) by extension 'ignore_ament_install'
[0.148s] Level 1:colcon.colcon_core.package_identification:_identify(.) by extensions ['colcon_pkg']
[0.148s] Level 1:colcon.colcon_core.package_identification:_identify(.) by extension 'colcon_pkg'
[0.148s] Level 1:colcon.colcon_core.package_identification:_identify(.) by extensions ['colcon_meta']
[0.148s] Level 1:colcon.colcon_core.package_identification:_identify(.) by extension 'colcon_meta'
[0.148s] Level 1:colcon.colcon_core.package_identification:_identify(.) by extensions ['ros']
[0.148s] Level 1:colcon.colcon_core.package_identification:_identify(.) by extension 'ros'
[0.172s] Level 1:colcon.colcon_core.package_identification:_identify(.) by extensions ['cmake', 'python']
[0.172s] Level 1:colcon.colcon_core.package_identification:_identify(.) by extension 'cmake'
[0.172s] Level 1:colcon.colcon_core.package_identification:_identify(.) by extension 'python'
[0.172s] Level 1:colcon.colcon_core.package_identification:_identify(.) by extensions ['python_setup_py']
[0.172s] Level 1:colcon.colcon_core.package_identification:_identify(.) by extension 'python_setup_py'
[0.172s] Level 1:colcon.colcon_core.package_identification:_identify(build) by extensions ['ignore', 'ignore_ament_install']
[0.172s] Level 1:colcon.colcon_core.package_identification:_identify(build) by extension 'ignore'
[0.172s] Level 1:colcon.colcon_core.package_identification:_identify(build) ignored
[0.172s] Level 1:colcon.colcon_core.package_identification:_identify(install) by extensions ['ignore', 'ignore_ament_install']
[0.172s] Level 1:colcon.colcon_core.package_identification:_identify(install) by extension 'ignore'
[0.172s] Level 1:colcon.colcon_core.package_identification:_identify(install) ignored
[0.172s] Level 1:colcon.colcon_core.package_identification:_identify(log) by extensions ['ignore', 'ignore_ament_install']
[0.172s] Level 1:colcon.colcon_core.package_identification:_identify(log) by extension 'ignore'
[0.172s] Level 1:colcon.colcon_core.package_identification:_identify(log) ignored
[0.172s] Level 1:colcon.colcon_core.package_identification:_identify(src) by extensions ['ignore', 'ignore_ament_install']
[0.173s] Level 1:colcon.colcon_core.package_identification:_identify(src) by extension 'ignore'
[0.173s] Level 1:colcon.colcon_core.package_identification:_identify(src) by extension 'ignore_ament_install'
[0.173s] Level 1:colcon.colcon_core.package_identification:_identify(src) by extensions ['colcon_pkg']
[0.173s] Level 1:colcon.colcon_core.package_identification:_identify(src) by extension 'colcon_pkg'
[0.173s] Level 1:colcon.colcon_core.package_identification:_identify(src) by extensions ['colcon_meta']
[0.173s] Level 1:colcon.colcon_core.package_identification:_identify(src) by extension 'colcon_meta'
[0.173s] Level 1:colcon.colcon_core.package_identification:_identify(src) by extensions ['ros']
[0.173s] Level 1:colcon.colcon_core.package_identification:_identify(src) by extension 'ros'
[0.173s] Level 1:colcon.colcon_core.package_identification:_identify(src) by extensions ['cmake', 'python']
[0.173s] Level 1:colcon.colcon_core.package_identification:_identify(src) by extension 'cmake'
[0.173s] Level 1:colcon.colcon_core.package_identification:_identify(src) by extension 'python'
[0.173s] Level 1:colcon.colcon_core.package_identification:_identify(src) by extensions ['python_setup_py']
[0.173s] Level 1:colcon.colcon_core.package_identification:_identify(src) by extension 'python_setup_py'
[0.173s] Level 1:colcon.colcon_core.package_identification:_identify(src/rmitbot_bringup) by extensions ['ignore', 'ignore_ament_install']
[0.173s] Level 1:colcon.colcon_core.package_identification:_identify(src/rmitbot_bringup) by extension 'ignore'
[0.173s] Level 1:colcon.colcon_core.package_identification:_identify(src/rmitbot_bringup) by extension 'ignore_ament_install'
[0.173s] Level 1:colcon.colcon_core.package_identification:_identify(src/rmitbot_bringup) by extensions ['colcon_pkg']
[0.173s] Level 1:colcon.colcon_core.package_identification:_identify(src/rmitbot_bringup) by extension 'colcon_pkg'
[0.173s] Level 1:colcon.colcon_core.package_identification:_identify(src/rmitbot_bringup) by extensions ['colcon_meta']
[0.173s] Level 1:colcon.colcon_core.package_identification:_identify(src/rmitbot_bringup) by extension 'colcon_meta'
[0.173s] Level 1:colcon.colcon_core.package_identification:_identify(src/rmitbot_bringup) by extensions ['ros']
[0.173s] Level 1:colcon.colcon_core.package_identification:_identify(src/rmitbot_bringup) by extension 'ros'
[0.175s] DEBUG:colcon.colcon_core.package_identification:Package 'src/rmitbot_bringup' with type 'ros.ament_cmake' and name 'rmitbot_bringup'
[0.176s] Level 1:colcon.colcon_core.package_identification:_identify(src/rmitbot_controller) by extensions ['ignore', 'ignore_ament_install']
[0.176s] Level 1:colcon.colcon_core.package_identification:_identify(src/rmitbot_controller) by extension 'ignore'
[0.176s] Level 1:colcon.colcon_core.package_identification:_identify(src/rmitbot_controller) by extension 'ignore_ament_install'
[0.176s] Level 1:colcon.colcon_core.package_identification:_identify(src/rmitbot_controller) by extensions ['colcon_pkg']
[0.176s] Level 1:colcon.colcon_core.package_identification:_identify(src/rmitbot_controller) by extension 'colcon_pkg'
[0.176s] Level 1:colcon.colcon_core.package_identification:_identify(src/rmitbot_controller) by extensions ['colcon_meta']
[0.176s] Level 1:colcon.colcon_core.package_identification:_identify(src/rmitbot_controller) by extension 'colcon_meta'
[0.176s] Level 1:colcon.colcon_core.package_identification:_identify(src/rmitbot_controller) by extensions ['ros']
[0.176s] Level 1:colcon.colcon_core.package_identification:_identify(src/rmitbot_controller) by extension 'ros'
[0.176s] DEBUG:colcon.colcon_core.package_identification:Package 'src/rmitbot_controller' with type 'ros.ament_cmake' and name 'rmitbot_controller'
[0.176s] Level 1:colcon.colcon_core.package_identification:_identify(src/rmitbot_description) by extensions ['ignore', 'ignore_ament_install']
[0.177s] Level 1:colcon.colcon_core.package_identification:_identify(src/rmitbot_description) by extension 'ignore'
[0.177s] Level 1:colcon.colcon_core.package_identification:_identify(src/rmitbot_description) by extension 'ignore_ament_install'
[0.177s] Level 1:colcon.colcon_core.package_identification:_identify(src/rmitbot_description) by extensions ['colcon_pkg']
[0.177s] Level 1:colcon.colcon_core.package_identification:_identify(src/rmitbot_description) by extension 'colcon_pkg'
[0.177s] Level 1:colcon.colcon_core.package_identification:_identify(src/rmitbot_description) by extensions ['colcon_meta']
[0.177s] Level 1:colcon.colcon_core.package_identification:_identify(src/rmitbot_description) by extension 'colcon_meta'
[0.177s] Level 1:colcon.colcon_core.package_identification:_identify(src/rmitbot_description) by extensions ['ros']
[0.177s] Level 1:colcon.colcon_core.package_identification:_identify(src/rmitbot_description) by extension 'ros'
[0.177s] DEBUG:colcon.colcon_core.package_identification:Package 'src/rmitbot_description' with type 'ros.ament_cmake' and name 'rmitbot_description'
[0.177s] Level 1:colcon.colcon_core.package_identification:_identify(src/rmitbot_firmware) by extensions ['ignore', 'ignore_ament_install']
[0.177s] Level 1:colcon.colcon_core.package_identification:_identify(src/rmitbot_firmware) by extension 'ignore'
[0.178s] Level 1:colcon.colcon_core.package_identification:_identify(src/rmitbot_firmware) by extension 'ignore_ament_install'
[0.178s] Level 1:colcon.colcon_core.package_identification:_identify(src/rmitbot_firmware) by extensions ['colcon_pkg']
[0.178s] Level 1:colcon.colcon_core.package_identification:_identify(src/rmitbot_firmware) by extension 'colcon_pkg'
[0.178s] Level 1:colcon.colcon_core.package_identification:_identify(src/rmitbot_firmware) by extensions ['colcon_meta']
[0.178s] Level 1:colcon.colcon_core.package_identification:_identify(src/rmitbot_firmware) by extension 'colcon_meta'
[0.178s] Level 1:colcon.colcon_core.package_identification:_identify(src/rmitbot_firmware) by extensions ['ros']
[0.178s] Level 1:colcon.colcon_core.package_identification:_identify(src/rmitbot_firmware) by extension 'ros'
[0.179s] DEBUG:colcon.colcon_core.package_identification:Package 'src/rmitbot_firmware' with type 'ros.ament_cmake' and name 'rmitbot_firmware'
[0.179s] Level 1:colcon.colcon_core.package_identification:_identify(src/rmitbot_localization) by extensions ['ignore', 'ignore_ament_install']
[0.179s] Level 1:colcon.colcon_core.package_identification:_identify(src/rmitbot_localization) by extension 'ignore'
[0.179s] Level 1:colcon.colcon_core.package_identification:_identify(src/rmitbot_localization) by extension 'ignore_ament_install'
[0.179s] Level 1:colcon.colcon_core.package_identification:_identify(src/rmitbot_localization) by extensions ['colcon_pkg']
[0.179s] Level 1:colcon.colcon_core.package_identification:_identify(src/rmitbot_localization) by extension 'colcon_pkg'
[0.179s] Level 1:colcon.colcon_core.package_identification:_identify(src/rmitbot_localization) by extensions ['colcon_meta']
[0.179s] Level 1:colcon.colcon_core.package_identification:_identify(src/rmitbot_localization) by extension 'colcon_meta'
[0.179s] Level 1:colcon.colcon_core.package_identification:_identify(src/rmitbot_localization) by extensions ['ros']
[0.179s] Level 1:colcon.colcon_core.package_identification:_identify(src/rmitbot_localization) by extension 'ros'
[0.179s] DEBUG:colcon.colcon_core.package_identification:Package 'src/rmitbot_localization' with type 'ros.ament_cmake' and name 'rmitbot_localization'
[0.179s] Level 1:colcon.colcon_core.package_identification:_identify(src/rmitbot_mapping) by extensions ['ignore', 'ignore_ament_install']
[0.180s] Level 1:colcon.colcon_core.package_identification:_identify(src/rmitbot_mapping) by extension 'ignore'
[0.180s] Level 1:colcon.colcon_core.package_identification:_identify(src/rmitbot_mapping) by extension 'ignore_ament_install'
[0.180s] Level 1:colcon.colcon_core.package_identification:_identify(src/rmitbot_mapping) by extensions ['colcon_pkg']
[0.180s] Level 1:colcon.colcon_core.package_identification:_identify(src/rmitbot_mapping) by extension 'colcon_pkg'
[0.180s] Level 1:colcon.colcon_core.package_identification:_identify(src/rmitbot_mapping) by extensions ['colcon_meta']
[0.180s] Level 1:colcon.colcon_core.package_identification:_identify(src/rmitbot_mapping) by extension 'colcon_meta'
[0.180s] Level 1:colcon.colcon_core.package_identification:_identify(src/rmitbot_mapping) by extensions ['ros']
[0.180s] Level 1:colcon.colcon_core.package_identification:_identify(src/rmitbot_mapping) by extension 'ros'
[0.180s] DEBUG:colcon.colcon_core.package_identification:Package 'src/rmitbot_mapping' with type 'ros.ament_cmake' and name 'rmitbot_mapping'
[0.180s] Level 1:colcon.colcon_core.package_discovery:discover_packages(recursive) using defaults
[0.180s] Level 1:colcon.colcon_core.package_discovery:discover_packages(ignore) discover
[0.180s] Level 1:colcon.colcon_core.package_discovery:discover_packages(ignore) using defaults
[0.180s] Level 1:colcon.colcon_core.package_discovery:discover_packages(path) discover
[0.180s] Level 1:colcon.colcon_core.package_discovery:discover_packages(path) using defaults
[0.198s] Level 1:colcon.colcon_core.package_discovery:discover_packages(prefix_path) check parameters
[0.198s] Level 1:colcon.colcon_core.package_discovery:discover_packages(prefix_path) discover
[0.200s] DEBUG:colcon.colcon_installed_package_information.package_discovery:Found 6 installed packages in /home/v120506/rmitbot_v4/lesson9_ws/install
[0.202s] DEBUG:colcon.colcon_installed_package_information.package_discovery:Found 444 installed packages in /opt/ros/jazzy
[0.203s] Level 1:colcon.colcon_core.package_discovery:discover_packages(prefix_path) using defaults
[0.246s] Level 5:colcon.colcon_core.verb:set package 'rmitbot_bringup' build argument 'cmake_args' from command line to 'None'
[0.246s] Level 5:colcon.colcon_core.verb:set package 'rmitbot_bringup' build argument 'cmake_target' from command line to 'None'
[0.246s] Level 5:colcon.colcon_core.verb:set package 'rmitbot_bringup' build argument 'cmake_target_skip_unavailable' from command line to 'False'
[0.246s] Level 5:colcon.colcon_core.verb:set package 'rmitbot_bringup' build argument 'cmake_clean_cache' from command line to 'False'
[0.246s] Level 5:colcon.colcon_core.verb:set package 'rmitbot_bringup' build argument 'cmake_clean_first' from command line to 'False'
[0.246s] Level 5:colcon.colcon_core.verb:set package 'rmitbot_bringup' build argument 'cmake_force_configure' from command line to 'False'
[0.246s] Level 5:colcon.colcon_core.verb:set package 'rmitbot_bringup' build argument 'ament_cmake_args' from command line to 'None'
[0.246s] Level 5:colcon.colcon_core.verb:set package 'rmitbot_bringup' build argument 'catkin_cmake_args' from command line to 'None'
[0.246s] Level 5:colcon.colcon_core.verb:set package 'rmitbot_bringup' build argument 'catkin_skip_building_tests' from command line to 'False'
[0.246s] DEBUG:colcon.colcon_core.verb:Building package 'rmitbot_bringup' with the following arguments: {'ament_cmake_args': None, 'build_base': '/home/v120506/rmitbot_v4/lesson9_ws/build/rmitbot_bringup', 'catkin_cmake_args': None, 'catkin_skip_building_tests': False, 'cmake_args': None, 'cmake_clean_cache': False, 'cmake_clean_first': False, 'cmake_force_configure': False, 'cmake_target': None, 'cmake_target_skip_unavailable': False, 'install_base': '/home/v120506/rmitbot_v4/lesson9_ws/install/rmitbot_bringup', 'merge_install': False, 'path': '/home/v120506/rmitbot_v4/lesson9_ws/src/rmitbot_bringup', 'symlink_install': False, 'test_result_base': None}
[0.246s] Level 5:colcon.colcon_core.verb:set package 'rmitbot_controller' build argument 'cmake_args' from command line to 'None'
[0.246s] Level 5:colcon.colcon_core.verb:set package 'rmitbot_controller' build argument 'cmake_target' from command line to 'None'
[0.247s] Level 5:colcon.colcon_core.verb:set package 'rmitbot_controller' build argument 'cmake_target_skip_unavailable' from command line to 'False'
[0.247s] Level 5:colcon.colcon_core.verb:set package 'rmitbot_controller' build argument 'cmake_clean_cache' from command line to 'False'
[0.247s] Level 5:colcon.colcon_core.verb:set package 'rmitbot_controller' build argument 'cmake_clean_first' from command line to 'False'
[0.247s] Level 5:colcon.colcon_core.verb:set package 'rmitbot_controller' build argument 'cmake_force_configure' from command line to 'False'
[0.247s] Level 5:colcon.colcon_core.verb:set package 'rmitbot_controller' build argument 'ament_cmake_args' from command line to 'None'
[0.247s] Level 5:colcon.colcon_core.verb:set package 'rmitbot_controller' build argument 'catkin_cmake_args' from command line to 'None'
[0.247s] Level 5:colcon.colcon_core.verb:set package 'rmitbot_controller' build argument 'catkin_skip_building_tests' from command line to 'False'
[0.247s] DEBUG:colcon.colcon_core.verb:Building package 'rmitbot_controller' with the following arguments: {'ament_cmake_args': None, 'build_base': '/home/v120506/rmitbot_v4/lesson9_ws/build/rmitbot_controller', 'catkin_cmake_args': None, 'catkin_skip_building_tests': False, 'cmake_args': None, 'cmake_clean_cache': False, 'cmake_clean_first': False, 'cmake_force_configure': False, 'cmake_target': None, 'cmake_target_skip_unavailable': False, 'install_base': '/home/v120506/rmitbot_v4/lesson9_ws/install/rmitbot_controller', 'merge_install': False, 'path': '/home/v120506/rmitbot_v4/lesson9_ws/src/rmitbot_controller', 'symlink_install': False, 'test_result_base': None}
[0.247s] Level 5:colcon.colcon_core.verb:set package 'rmitbot_description' build argument 'cmake_args' from command line to 'None'
[0.247s] Level 5:colcon.colcon_core.verb:set package 'rmitbot_description' build argument 'cmake_target' from command line to 'None'
[0.247s] Level 5:colcon.colcon_core.verb:set package 'rmitbot_description' build argument 'cmake_target_skip_unavailable' from command line to 'False'
[0.247s] Level 5:colcon.colcon_core.verb:set package 'rmitbot_description' build argument 'cmake_clean_cache' from command line to 'False'
[0.247s] Level 5:colcon.colcon_core.verb:set package 'rmitbot_description' build argument 'cmake_clean_first' from command line to 'False'
[0.247s] Level 5:colcon.colcon_core.verb:set package 'rmitbot_description' build argument 'cmake_force_configure' from command line to 'False'
[0.247s] Level 5:colcon.colcon_core.verb:set package 'rmitbot_description' build argument 'ament_cmake_args' from command line to 'None'
[0.247s] Level 5:colcon.colcon_core.verb:set package 'rmitbot_description' build argument 'catkin_cmake_args' from command line to 'None'
[0.247s] Level 5:colcon.colcon_core.verb:set package 'rmitbot_description' build argument 'catkin_skip_building_tests' from command line to 'False'
[0.247s] DEBUG:colcon.colcon_core.verb:Building package 'rmitbot_description' with the following arguments: {'ament_cmake_args': None, 'build_base': '/home/v120506/rmitbot_v4/lesson9_ws/build/rmitbot_description', 'catkin_cmake_args': None, 'catkin_skip_building_tests': False, 'cmake_args': None, 'cmake_clean_cache': False, 'cmake_clean_first': False, 'cmake_force_configure': False, 'cmake_target': None, 'cmake_target_skip_unavailable': False, 'install_base': '/home/v120506/rmitbot_v4/lesson9_ws/install/rmitbot_description', 'merge_install': False, 'path': '/home/v120506/rmitbot_v4/lesson9_ws/src/rmitbot_description', 'symlink_install': False, 'test_result_base': None}
[0.247s] Level 5:colcon.colcon_core.verb:set package 'rmitbot_firmware' build argument 'cmake_args' from command line to 'None'
[0.247s] Level 5:colcon.colcon_core.verb:set package 'rmitbot_firmware' build argument 'cmake_target' from command line to 'None'
[0.247s] Level 5:colcon.colcon_core.verb:set package 'rmitbot_firmware' build argument 'cmake_target_skip_unavailable' from command line to 'False'
[0.247s] Level 5:colcon.colcon_core.verb:set package 'rmitbot_firmware' build argument 'cmake_clean_cache' from command line to 'False'
[0.247s] Level 5:colcon.colcon_core.verb:set package 'rmitbot_firmware' build argument 'cmake_clean_first' from command line to 'False'
[0.247s] Level 5:colcon.colcon_core.verb:set package 'rmitbot_firmware' build argument 'cmake_force_configure' from command line to 'False'
[0.247s] Level 5:colcon.colcon_core.verb:set package 'rmitbot_firmware' build argument 'ament_cmake_args' from command line to 'None'
[0.247s] Level 5:colcon.colcon_core.verb:set package 'rmitbot_firmware' build argument 'catkin_cmake_args' from command line to 'None'
[0.247s] Level 5:colcon.colcon_core.verb:set package 'rmitbot_firmware' build argument 'catkin_skip_building_tests' from command line to 'False'
[0.247s] DEBUG:colcon.colcon_core.verb:Building package 'rmitbot_firmware' with the following arguments: {'ament_cmake_args': None, 'build_base': '/home/v120506/rmitbot_v4/lesson9_ws/build/rmitbot_firmware', 'catkin_cmake_args': None, 'catkin_skip_building_tests': False, 'cmake_args': None, 'cmake_clean_cache': False, 'cmake_clean_first': False, 'cmake_force_configure': False, 'cmake_target': None, 'cmake_target_skip_unavailable': False, 'install_base': '/home/v120506/rmitbot_v4/lesson9_ws/install/rmitbot_firmware', 'merge_install': False, 'path': '/home/v120506/rmitbot_v4/lesson9_ws/src/rmitbot_firmware', 'symlink_install': False, 'test_result_base': None}
[0.247s] Level 5:colcon.colcon_core.verb:set package 'rmitbot_localization' build argument 'cmake_args' from command line to 'None'
[0.247s] Level 5:colcon.colcon_core.verb:set package 'rmitbot_localization' build argument 'cmake_target' from command line to 'None'
[0.247s] Level 5:colcon.colcon_core.verb:set package 'rmitbot_localization' build argument 'cmake_target_skip_unavailable' from command line to 'False'
[0.247s] Level 5:colcon.colcon_core.verb:set package 'rmitbot_localization' build argument 'cmake_clean_cache' from command line to 'False'
[0.247s] Level 5:colcon.colcon_core.verb:set package 'rmitbot_localization' build argument 'cmake_clean_first' from command line to 'False'
[0.247s] Level 5:colcon.colcon_core.verb:set package 'rmitbot_localization' build argument 'cmake_force_configure' from command line to 'False'
[0.247s] Level 5:colcon.colcon_core.verb:set package 'rmitbot_localization' build argument 'ament_cmake_args' from command line to 'None'
[0.247s] Level 5:colcon.colcon_core.verb:set package 'rmitbot_localization' build argument 'catkin_cmake_args' from command line to 'None'
[0.248s] Level 5:colcon.colcon_core.verb:set package 'rmitbot_localization' build argument 'catkin_skip_building_tests' from command line to 'False'
[0.248s] DEBUG:colcon.colcon_core.verb:Building package 'rmitbot_localization' with the following arguments: {'ament_cmake_args': None, 'build_base': '/home/v120506/rmitbot_v4/lesson9_ws/build/rmitbot_localization', 'catkin_cmake_args': None, 'catkin_skip_building_tests': False, 'cmake_args': None, 'cmake_clean_cache': False, 'cmake_clean_first': False, 'cmake_force_configure': False, 'cmake_target': None, 'cmake_target_skip_unavailable': False, 'install_base': '/home/v120506/rmitbot_v4/lesson9_ws/install/rmitbot_localization', 'merge_install': False, 'path': '/home/v120506/rmitbot_v4/lesson9_ws/src/rmitbot_localization', 'symlink_install': False, 'test_result_base': None}
[0.248s] Level 5:colcon.colcon_core.verb:set package 'rmitbot_mapping' build argument 'cmake_args' from command line to 'None'
[0.248s] Level 5:colcon.colcon_core.verb:set package 'rmitbot_mapping' build argument 'cmake_target' from command line to 'None'
[0.248s] Level 5:colcon.colcon_core.verb:set package 'rmitbot_mapping' build argument 'cmake_target_skip_unavailable' from command line to 'False'
[0.248s] Level 5:colcon.colcon_core.verb:set package 'rmitbot_mapping' build argument 'cmake_clean_cache' from command line to 'False'
[0.248s] Level 5:colcon.colcon_core.verb:set package 'rmitbot_mapping' build argument 'cmake_clean_first' from command line to 'False'
[0.248s] Level 5:colcon.colcon_core.verb:set package 'rmitbot_mapping' build argument 'cmake_force_configure' from command line to 'False'
[0.248s] Level 5:colcon.colcon_core.verb:set package 'rmitbot_mapping' build argument 'ament_cmake_args' from command line to 'None'
[0.248s] Level 5:colcon.colcon_core.verb:set package 'rmitbot_mapping' build argument 'catkin_cmake_args' from command line to 'None'
[0.248s] Level 5:colcon.colcon_core.verb:set package 'rmitbot_mapping' build argument 'catkin_skip_building_tests' from command line to 'False'
[0.248s] DEBUG:colcon.colcon_core.verb:Building package 'rmitbot_mapping' with the following arguments: {'ament_cmake_args': None, 'build_base': '/home/v120506/rmitbot_v4/lesson9_ws/build/rmitbot_mapping', 'catkin_cmake_args': None, 'catkin_skip_building_tests': False, 'cmake_args': None, 'cmake_clean_cache': False, 'cmake_clean_first': False, 'cmake_force_configure': False, 'cmake_target': None, 'cmake_target_skip_unavailable': False, 'install_base': '/home/v120506/rmitbot_v4/lesson9_ws/install/rmitbot_mapping', 'merge_install': False, 'path': '/home/v120506/rmitbot_v4/lesson9_ws/src/rmitbot_mapping', 'symlink_install': False, 'test_result_base': None}
[0.248s] INFO:colcon.colcon_core.executor:Executing jobs using 'parallel' executor
[0.249s] DEBUG:colcon.colcon_parallel_executor.executor.parallel:run_until_complete
[0.249s] INFO:colcon.colcon_ros.task.ament_cmake.build:Building ROS package in '/home/v120506/rmitbot_v4/lesson9_ws/src/rmitbot_bringup' with build type 'ament_cmake'
[0.249s] INFO:colcon.colcon_cmake.task.cmake.build:Building CMake package in '/home/v120506/rmitbot_v4/lesson9_ws/src/rmitbot_bringup'
[0.252s] INFO:colcon.colcon_core.plugin_system:Skipping extension 'colcon_core.shell.bat': Not used on non-Windows systems
[0.252s] INFO:colcon.colcon_core.shell:Skip shell extension 'powershell' for command environment: Not usable outside of PowerShell
[0.252s] DEBUG:colcon.colcon_core.shell:Skip shell extension 'dsv' for command environment
[0.256s] INFO:colcon.colcon_ros.task.ament_cmake.build:Building ROS package in '/home/v120506/rmitbot_v4/lesson9_ws/src/rmitbot_controller' with build type 'ament_cmake'
[0.256s] INFO:colcon.colcon_cmake.task.cmake.build:Building CMake package in '/home/v120506/rmitbot_v4/lesson9_ws/src/rmitbot_controller'
[0.256s] INFO:colcon.colcon_core.shell:Skip shell extension 'powershell' for command environment: Not usable outside of PowerShell
[0.256s] DEBUG:colcon.colcon_core.shell:Skip shell extension 'dsv' for command environment
[0.259s] INFO:colcon.colcon_ros.task.ament_cmake.build:Building ROS package in '/home/v120506/rmitbot_v4/lesson9_ws/src/rmitbot_description' with build type 'ament_cmake'
[0.259s] INFO:colcon.colcon_cmake.task.cmake.build:Building CMake package in '/home/v120506/rmitbot_v4/lesson9_ws/src/rmitbot_description'
[0.259s] INFO:colcon.colcon_core.shell:Skip shell extension 'powershell' for command environment: Not usable outside of PowerShell
[0.259s] DEBUG:colcon.colcon_core.shell:Skip shell extension 'dsv' for command environment
[0.262s] INFO:colcon.colcon_ros.task.ament_cmake.build:Building ROS package in '/home/v120506/rmitbot_v4/lesson9_ws/src/rmitbot_firmware' with build type 'ament_cmake'
[0.262s] INFO:colcon.colcon_cmake.task.cmake.build:Building CMake package in '/home/v120506/rmitbot_v4/lesson9_ws/src/rmitbot_firmware'
[0.262s] INFO:colcon.colcon_core.shell:Skip shell extension 'powershell' for command environment: Not usable outside of PowerShell
[0.262s] DEBUG:colcon.colcon_core.shell:Skip shell extension 'dsv' for command environment
[0.265s] INFO:colcon.colcon_ros.task.ament_cmake.build:Building ROS package in '/home/v120506/rmitbot_v4/lesson9_ws/src/rmitbot_localization' with build type 'ament_cmake'
[0.265s] INFO:colcon.colcon_cmake.task.cmake.build:Building CMake package in '/home/v120506/rmitbot_v4/lesson9_ws/src/rmitbot_localization'
[0.265s] INFO:colcon.colcon_core.shell:Skip shell extension 'powershell' for command environment: Not usable outside of PowerShell
[0.265s] DEBUG:colcon.colcon_core.shell:Skip shell extension 'dsv' for command environment
[0.268s] INFO:colcon.colcon_ros.task.ament_cmake.build:Building ROS package in '/home/v120506/rmitbot_v4/lesson9_ws/src/rmitbot_mapping' with build type 'ament_cmake'
[0.268s] INFO:colcon.colcon_cmake.task.cmake.build:Building CMake package in '/home/v120506/rmitbot_v4/lesson9_ws/src/rmitbot_mapping'
[0.269s] INFO:colcon.colcon_core.shell:Skip shell extension 'powershell' for command environment: Not usable outside of PowerShell
[0.269s] DEBUG:colcon.colcon_core.shell:Skip shell extension 'dsv' for command environment
[0.278s] DEBUG:colcon.colcon_core.event_handler.log_command:Invoking command in '/home/v120506/rmitbot_v4/lesson9_ws/build/rmitbot_bringup': CMAKE_PREFIX_PATH=${CMAKE_PREFIX_PATH}:/opt/ros/jazzy DEBUGINFOD_URLS=https://debuginfod.ubuntu.com /usr/bin/cmake --build /home/v120506/rmitbot_v4/lesson9_ws/build/rmitbot_bringup -- -j8 -l8
[0.281s] DEBUG:colcon.colcon_core.event_handler.log_command:Invoking command in '/home/v120506/rmitbot_v4/lesson9_ws/build/rmitbot_controller': CMAKE_PREFIX_PATH=${CMAKE_PREFIX_PATH}:/opt/ros/jazzy DEBUGINFOD_URLS=https://debuginfod.ubuntu.com /usr/bin/cmake --build /home/v120506/rmitbot_v4/lesson9_ws/build/rmitbot_controller -- -j8 -l8
[0.284s] DEBUG:colcon.colcon_core.event_handler.log_command:Invoking command in '/home/v120506/rmitbot_v4/lesson9_ws/build/rmitbot_description': CMAKE_PREFIX_PATH=${CMAKE_PREFIX_PATH}:/opt/ros/jazzy DEBUGINFOD_URLS=https://debuginfod.ubuntu.com /usr/bin/cmake --build /home/v120506/rmitbot_v4/lesson9_ws/build/rmitbot_description -- -j8 -l8
[0.288s] DEBUG:colcon.colcon_core.event_handler.log_command:Invoking command in '/home/v120506/rmitbot_v4/lesson9_ws/build/rmitbot_firmware': CMAKE_PREFIX_PATH=${CMAKE_PREFIX_PATH}:/opt/ros/jazzy DEBUGINFOD_URLS=https://debuginfod.ubuntu.com /usr/bin/cmake --build /home/v120506/rmitbot_v4/lesson9_ws/build/rmitbot_firmware -- -j8 -l8
[0.295s] DEBUG:colcon.colcon_core.event_handler.log_command:Invoking command in '/home/v120506/rmitbot_v4/lesson9_ws/build/rmitbot_localization': CMAKE_PREFIX_PATH=${CMAKE_PREFIX_PATH}:/opt/ros/jazzy DEBUGINFOD_URLS=https://debuginfod.ubuntu.com /usr/bin/cmake --build /home/v120506/rmitbot_v4/lesson9_ws/build/rmitbot_localization -- -j8 -l8
[0.302s] DEBUG:colcon.colcon_core.event_handler.log_command:Invoking command in '/home/v120506/rmitbot_v4/lesson9_ws/build/rmitbot_mapping': CMAKE_PREFIX_PATH=${CMAKE_PREFIX_PATH}:/opt/ros/jazzy DEBUGINFOD_URLS=https://debuginfod.ubuntu.com /usr/bin/cmake --build /home/v120506/rmitbot_v4/lesson9_ws/build/rmitbot_mapping -- -j8 -l8
[0.333s] DEBUG:colcon.colcon_core.event_handler.log_command:Invoked command in '/home/v120506/rmitbot_v4/lesson9_ws/build/rmitbot_bringup' returned '0': CMAKE_PREFIX_PATH=${CMAKE_PREFIX_PATH}:/opt/ros/jazzy DEBUGINFOD_URLS=https://debuginfod.ubuntu.com /usr/bin/cmake --build /home/v120506/rmitbot_v4/lesson9_ws/build/rmitbot_bringup -- -j8 -l8
[0.344s] DEBUG:colcon.colcon_core.event_handler.log_command:Invoking command in '/home/v120506/rmitbot_v4/lesson9_ws/build/rmitbot_bringup': CMAKE_PREFIX_PATH=${CMAKE_PREFIX_PATH}:/opt/ros/jazzy DEBUGINFOD_URLS=https://debuginfod.ubuntu.com /usr/bin/cmake --install /home/v120506/rmitbot_v4/lesson9_ws/build/rmitbot_bringup
[0.346s] DEBUG:colcon.colcon_core.event_handler.log_command:Invoked command in '/home/v120506/rmitbot_v4/lesson9_ws/build/rmitbot_controller' returned '0': CMAKE_PREFIX_PATH=${CMAKE_PREFIX_PATH}:/opt/ros/jazzy DEBUGINFOD_URLS=https://debuginfod.ubuntu.com /usr/bin/cmake --build /home/v120506/rmitbot_v4/lesson9_ws/build/rmitbot_controller -- -j8 -l8
[0.348s] DEBUG:colcon.colcon_core.event_handler.log_command:Invoking command in '/home/v120506/rmitbot_v4/lesson9_ws/build/rmitbot_controller': CMAKE_PREFIX_PATH=${CMAKE_PREFIX_PATH}:/opt/ros/jazzy DEBUGINFOD_URLS=https://debuginfod.ubuntu.com /usr/bin/cmake --install /home/v120506/rmitbot_v4/lesson9_ws/build/rmitbot_controller
[0.348s] DEBUG:colcon.colcon_core.event_handler.log_command:Invoked command in '/home/v120506/rmitbot_v4/lesson9_ws/build/rmitbot_description' returned '0': CMAKE_PREFIX_PATH=${CMAKE_PREFIX_PATH}:/opt/ros/jazzy DEBUGINFOD_URLS=https://debuginfod.ubuntu.com /usr/bin/cmake --build /home/v120506/rmitbot_v4/lesson9_ws/build/rmitbot_description -- -j8 -l8
[0.350s] DEBUG:colcon.colcon_core.event_handler.log_command:Invoking command in '/home/v120506/rmitbot_v4/lesson9_ws/build/rmitbot_description': CMAKE_PREFIX_PATH=${CMAKE_PREFIX_PATH}:/opt/ros/jazzy DEBUGINFOD_URLS=https://debuginfod.ubuntu.com /usr/bin/cmake --install /home/v120506/rmitbot_v4/lesson9_ws/build/rmitbot_description
[0.353s] DEBUG:colcon.colcon_core.event_handler.log_command:Invoked command in '/home/v120506/rmitbot_v4/lesson9_ws/build/rmitbot_mapping' returned '0': CMAKE_PREFIX_PATH=${CMAKE_PREFIX_PATH}:/opt/ros/jazzy DEBUGINFOD_URLS=https://debuginfod.ubuntu.com /usr/bin/cmake --build /home/v120506/rmitbot_v4/lesson9_ws/build/rmitbot_mapping -- -j8 -l8
[0.361s] Level 1:colcon.colcon_core.environment:create_environment_scripts_only(rmitbot_bringup)
[0.363s] DEBUG:colcon.colcon_core.event_handler.log_command:Invoking command in '/home/v120506/rmitbot_v4/lesson9_ws/build/rmitbot_mapping': CMAKE_PREFIX_PATH=${CMAKE_PREFIX_PATH}:/opt/ros/jazzy DEBUGINFOD_URLS=https://debuginfod.ubuntu.com /usr/bin/cmake --install /home/v120506/rmitbot_v4/lesson9_ws/build/rmitbot_mapping
[0.364s] DEBUG:colcon.colcon_core.event_handler.log_command:Invoked command in '/home/v120506/rmitbot_v4/lesson9_ws/build/rmitbot_bringup' returned '0': CMAKE_PREFIX_PATH=${CMAKE_PREFIX_PATH}:/opt/ros/jazzy DEBUGINFOD_URLS=https://debuginfod.ubuntu.com /usr/bin/cmake --install /home/v120506/rmitbot_v4/lesson9_ws/build/rmitbot_bringup
[0.378s] Level 1:colcon.colcon_core.environment:checking '/home/v120506/rmitbot_v4/lesson9_ws/install/rmitbot_bringup' for CMake module files
[0.379s] Level 1:colcon.colcon_core.environment:checking '/home/v120506/rmitbot_v4/lesson9_ws/install/rmitbot_bringup' for CMake config files
[0.379s] Level 1:colcon.colcon_core.shell:create_environment_hook('rmitbot_bringup', 'cmake_prefix_path')
[0.379s] INFO:colcon.colcon_core.shell:Creating environment hook '/home/v120506/rmitbot_v4/lesson9_ws/install/rmitbot_bringup/share/rmitbot_bringup/hook/cmake_prefix_path.ps1'
[0.380s] INFO:colcon.colcon_core.shell:Creating environment descriptor '/home/v120506/rmitbot_v4/lesson9_ws/install/rmitbot_bringup/share/rmitbot_bringup/hook/cmake_prefix_path.dsv'
[0.381s] INFO:colcon.colcon_core.shell:Creating environment hook '/home/v120506/rmitbot_v4/lesson9_ws/install/rmitbot_bringup/share/rmitbot_bringup/hook/cmake_prefix_path.sh'
[0.382s] Level 1:colcon.colcon_core.environment:checking '/home/v120506/rmitbot_v4/lesson9_ws/install/rmitbot_bringup/bin'
[0.382s] Level 1:colcon.colcon_core.environment:checking '/home/v120506/rmitbot_v4/lesson9_ws/install/rmitbot_bringup/lib/pkgconfig/rmitbot_bringup.pc'
[0.382s] Level 1:colcon.colcon_core.environment:checking '/home/v120506/rmitbot_v4/lesson9_ws/install/rmitbot_bringup/lib/python3.12/site-packages'
[0.383s] Level 1:colcon.colcon_core.environment:checking '/home/v120506/rmitbot_v4/lesson9_ws/install/rmitbot_bringup/bin'
[0.383s] INFO:colcon.colcon_core.shell:Creating package script '/home/v120506/rmitbot_v4/lesson9_ws/install/rmitbot_bringup/share/rmitbot_bringup/package.ps1'
[0.384s] INFO:colcon.colcon_core.shell:Creating package descriptor '/home/v120506/rmitbot_v4/lesson9_ws/install/rmitbot_bringup/share/rmitbot_bringup/package.dsv'
[0.385s] INFO:colcon.colcon_core.shell:Creating package script '/home/v120506/rmitbot_v4/lesson9_ws/install/rmitbot_bringup/share/rmitbot_bringup/package.sh'
[0.386s] INFO:colcon.colcon_core.shell:Creating package script '/home/v120506/rmitbot_v4/lesson9_ws/install/rmitbot_bringup/share/rmitbot_bringup/package.bash'
[0.387s] INFO:colcon.colcon_core.shell:Creating package script '/home/v120506/rmitbot_v4/lesson9_ws/install/rmitbot_bringup/share/rmitbot_bringup/package.zsh'
[0.387s] Level 1:colcon.colcon_core.environment:create_file_with_runtime_dependencies(/home/v120506/rmitbot_v4/lesson9_ws/install/rmitbot_bringup/share/colcon-core/packages/rmitbot_bringup)
[0.388s] Level 1:colcon.colcon_core.environment:create_environment_scripts_only(rmitbot_bringup)
[0.389s] Level 1:colcon.colcon_core.environment:checking '/home/v120506/rmitbot_v4/lesson9_ws/install/rmitbot_bringup' for CMake module files
[0.389s] Level 1:colcon.colcon_core.environment:checking '/home/v120506/rmitbot_v4/lesson9_ws/install/rmitbot_bringup' for CMake config files
[0.390s] Level 1:colcon.colcon_core.shell:create_environment_hook('rmitbot_bringup', 'cmake_prefix_path')
[0.390s] INFO:colcon.colcon_core.shell:Creating environment hook '/home/v120506/rmitbot_v4/lesson9_ws/install/rmitbot_bringup/share/rmitbot_bringup/hook/cmake_prefix_path.ps1'
[0.390s] INFO:colcon.colcon_core.shell:Creating environment descriptor '/home/v120506/rmitbot_v4/lesson9_ws/install/rmitbot_bringup/share/rmitbot_bringup/hook/cmake_prefix_path.dsv'
[0.391s] INFO:colcon.colcon_core.shell:Creating environment hook '/home/v120506/rmitbot_v4/lesson9_ws/install/rmitbot_bringup/share/rmitbot_bringup/hook/cmake_prefix_path.sh'
[0.392s] Level 1:colcon.colcon_core.environment:checking '/home/v120506/rmitbot_v4/lesson9_ws/install/rmitbot_bringup/bin'
[0.392s] Level 1:colcon.colcon_core.environment:checking '/home/v120506/rmitbot_v4/lesson9_ws/install/rmitbot_bringup/lib/pkgconfig/rmitbot_bringup.pc'
[0.392s] Level 1:colcon.colcon_core.environment:checking '/home/v120506/rmitbot_v4/lesson9_ws/install/rmitbot_bringup/lib/python3.12/site-packages'
[0.393s] Level 1:colcon.colcon_core.environment:checking '/home/v120506/rmitbot_v4/lesson9_ws/install/rmitbot_bringup/bin'
[0.393s] INFO:colcon.colcon_core.shell:Creating package script '/home/v120506/rmitbot_v4/lesson9_ws/install/rmitbot_bringup/share/rmitbot_bringup/package.ps1'
[0.406s] INFO:colcon.colcon_core.shell:Creating package descriptor '/home/v120506/rmitbot_v4/lesson9_ws/install/rmitbot_bringup/share/rmitbot_bringup/package.dsv'
[0.407s] INFO:colcon.colcon_core.shell:Creating package script '/home/v120506/rmitbot_v4/lesson9_ws/install/rmitbot_bringup/share/rmitbot_bringup/package.sh'
[0.407s] INFO:colcon.colcon_core.shell:Creating package script '/home/v120506/rmitbot_v4/lesson9_ws/install/rmitbot_bringup/share/rmitbot_bringup/package.bash'
[0.407s] INFO:colcon.colcon_core.shell:Creating package script '/home/v120506/rmitbot_v4/lesson9_ws/install/rmitbot_bringup/share/rmitbot_bringup/package.zsh'
[0.408s] Level 1:colcon.colcon_core.environment:create_file_with_runtime_dependencies(/home/v120506/rmitbot_v4/lesson9_ws/install/rmitbot_bringup/share/colcon-core/packages/rmitbot_bringup)
[0.409s] Level 1:colcon.colcon_core.environment:create_environment_scripts_only(rmitbot_controller)
[0.409s] Level 1:colcon.colcon_core.environment:checking '/home/v120506/rmitbot_v4/lesson9_ws/install/rmitbot_controller' for CMake module files
[0.410s] DEBUG:colcon.colcon_core.event_handler.log_command:Invoked command in '/home/v120506/rmitbot_v4/lesson9_ws/build/rmitbot_controller' returned '0': CMAKE_PREFIX_PATH=${CMAKE_PREFIX_PATH}:/opt/ros/jazzy DEBUGINFOD_URLS=https://debuginfod.ubuntu.com /usr/bin/cmake --install /home/v120506/rmitbot_v4/lesson9_ws/build/rmitbot_controller
[0.410s] Level 1:colcon.colcon_core.environment:checking '/home/v120506/rmitbot_v4/lesson9_ws/install/rmitbot_controller' for CMake config files
[0.411s] Level 1:colcon.colcon_core.shell:create_environment_hook('rmitbot_controller', 'cmake_prefix_path')
[0.411s] INFO:colcon.colcon_core.shell:Creating environment hook '/home/v120506/rmitbot_v4/lesson9_ws/install/rmitbot_controller/share/rmitbot_controller/hook/cmake_prefix_path.ps1'
[0.412s] INFO:colcon.colcon_core.shell:Creating environment descriptor '/home/v120506/rmitbot_v4/lesson9_ws/install/rmitbot_controller/share/rmitbot_controller/hook/cmake_prefix_path.dsv'
[0.412s] INFO:colcon.colcon_core.shell:Creating environment hook '/home/v120506/rmitbot_v4/lesson9_ws/install/rmitbot_controller/share/rmitbot_controller/hook/cmake_prefix_path.sh'
[0.413s] Level 1:colcon.colcon_core.environment:checking '/home/v120506/rmitbot_v4/lesson9_ws/install/rmitbot_controller/bin'
[0.413s] Level 1:colcon.colcon_core.environment:checking '/home/v120506/rmitbot_v4/lesson9_ws/install/rmitbot_controller/lib/pkgconfig/rmitbot_controller.pc'
[0.413s] Level 1:colcon.colcon_core.environment:checking '/home/v120506/rmitbot_v4/lesson9_ws/install/rmitbot_controller/lib/python3.12/site-packages'
[0.414s] Level 1:colcon.colcon_core.environment:checking '/home/v120506/rmitbot_v4/lesson9_ws/install/rmitbot_controller/bin'
[0.414s] INFO:colcon.colcon_core.shell:Creating package script '/home/v120506/rmitbot_v4/lesson9_ws/install/rmitbot_controller/share/rmitbot_controller/package.ps1'
[0.415s] INFO:colcon.colcon_core.shell:Creating package descriptor '/home/v120506/rmitbot_v4/lesson9_ws/install/rmitbot_controller/share/rmitbot_controller/package.dsv'
[0.415s] INFO:colcon.colcon_core.shell:Creating package script '/home/v120506/rmitbot_v4/lesson9_ws/install/rmitbot_controller/share/rmitbot_controller/package.sh'
[0.415s] INFO:colcon.colcon_core.shell:Creating package script '/home/v120506/rmitbot_v4/lesson9_ws/install/rmitbot_controller/share/rmitbot_controller/package.bash'
[0.416s] INFO:colcon.colcon_core.shell:Creating package script '/home/v120506/rmitbot_v4/lesson9_ws/install/rmitbot_controller/share/rmitbot_controller/package.zsh'
[0.416s] Level 1:colcon.colcon_core.environment:create_file_with_runtime_dependencies(/home/v120506/rmitbot_v4/lesson9_ws/install/rmitbot_controller/share/colcon-core/packages/rmitbot_controller)
[0.416s] Level 1:colcon.colcon_core.environment:create_environment_scripts_only(rmitbot_controller)
[0.417s] Level 1:colcon.colcon_core.environment:checking '/home/v120506/rmitbot_v4/lesson9_ws/install/rmitbot_controller' for CMake module files
[0.417s] Level 1:colcon.colcon_core.environment:checking '/home/v120506/rmitbot_v4/lesson9_ws/install/rmitbot_controller' for CMake config files
[0.417s] Level 1:colcon.colcon_core.shell:create_environment_hook('rmitbot_controller', 'cmake_prefix_path')
[0.417s] INFO:colcon.colcon_core.shell:Creating environment hook '/home/v120506/rmitbot_v4/lesson9_ws/install/rmitbot_controller/share/rmitbot_controller/hook/cmake_prefix_path.ps1'
[0.418s] INFO:colcon.colcon_core.shell:Creating environment descriptor '/home/v120506/rmitbot_v4/lesson9_ws/install/rmitbot_controller/share/rmitbot_controller/hook/cmake_prefix_path.dsv'
[0.418s] INFO:colcon.colcon_core.shell:Creating environment hook '/home/v120506/rmitbot_v4/lesson9_ws/install/rmitbot_controller/share/rmitbot_controller/hook/cmake_prefix_path.sh'
[0.418s] Level 1:colcon.colcon_core.environment:checking '/home/v120506/rmitbot_v4/lesson9_ws/install/rmitbot_controller/bin'
[0.419s] Level 1:colcon.colcon_core.environment:checking '/home/v120506/rmitbot_v4/lesson9_ws/install/rmitbot_controller/lib/pkgconfig/rmitbot_controller.pc'
[0.419s] Level 1:colcon.colcon_core.environment:checking '/home/v120506/rmitbot_v4/lesson9_ws/install/rmitbot_controller/lib/python3.12/site-packages'
[0.419s] Level 1:colcon.colcon_core.environment:checking '/home/v120506/rmitbot_v4/lesson9_ws/install/rmitbot_controller/bin'
[0.419s] INFO:colcon.colcon_core.shell:Creating package script '/home/v120506/rmitbot_v4/lesson9_ws/install/rmitbot_controller/share/rmitbot_controller/package.ps1'
[0.420s] INFO:colcon.colcon_core.shell:Creating package descriptor '/home/v120506/rmitbot_v4/lesson9_ws/install/rmitbot_controller/share/rmitbot_controller/package.dsv'
[0.420s] INFO:colcon.colcon_core.shell:Creating package script '/home/v120506/rmitbot_v4/lesson9_ws/install/rmitbot_controller/share/rmitbot_controller/package.sh'
[0.421s] INFO:colcon.colcon_core.shell:Creating package script '/home/v120506/rmitbot_v4/lesson9_ws/install/rmitbot_controller/share/rmitbot_controller/package.bash'
[0.421s] INFO:colcon.colcon_core.shell:Creating package script '/home/v120506/rmitbot_v4/lesson9_ws/install/rmitbot_controller/share/rmitbot_controller/package.zsh'
[0.421s] Level 1:colcon.colcon_core.environment:create_file_with_runtime_dependencies(/home/v120506/rmitbot_v4/lesson9_ws/install/rmitbot_controller/share/colcon-core/packages/rmitbot_controller)
[0.422s] Level 1:colcon.colcon_core.environment:create_environment_scripts_only(rmitbot_description)
[0.422s] Level 1:colcon.colcon_core.environment:checking '/home/v120506/rmitbot_v4/lesson9_ws/install/rmitbot_description' for CMake module files
[0.423s] DEBUG:colcon.colcon_core.event_handler.log_command:Invoked command in '/home/v120506/rmitbot_v4/lesson9_ws/build/rmitbot_description' returned '0': CMAKE_PREFIX_PATH=${CMAKE_PREFIX_PATH}:/opt/ros/jazzy DEBUGINFOD_URLS=https://debuginfod.ubuntu.com /usr/bin/cmake --install /home/v120506/rmitbot_v4/lesson9_ws/build/rmitbot_description
[0.423s] Level 1:colcon.colcon_core.environment:checking '/home/v120506/rmitbot_v4/lesson9_ws/install/rmitbot_description' for CMake config files
[0.423s] Level 1:colcon.colcon_core.shell:create_environment_hook('rmitbot_description', 'cmake_prefix_path')
[0.424s] INFO:colcon.colcon_core.shell:Creating environment hook '/home/v120506/rmitbot_v4/lesson9_ws/install/rmitbot_description/share/rmitbot_description/hook/cmake_prefix_path.ps1'
[0.424s] INFO:colcon.colcon_core.shell:Creating environment descriptor '/home/v120506/rmitbot_v4/lesson9_ws/install/rmitbot_description/share/rmitbot_description/hook/cmake_prefix_path.dsv'
[0.424s] INFO:colcon.colcon_core.shell:Creating environment hook '/home/v120506/rmitbot_v4/lesson9_ws/install/rmitbot_description/share/rmitbot_description/hook/cmake_prefix_path.sh'
[0.425s] Level 1:colcon.colcon_core.environment:checking '/home/v120506/rmitbot_v4/lesson9_ws/install/rmitbot_description/bin'
[0.425s] Level 1:colcon.colcon_core.environment:checking '/home/v120506/rmitbot_v4/lesson9_ws/install/rmitbot_description/lib/pkgconfig/rmitbot_description.pc'
[0.425s] Level 1:colcon.colcon_core.environment:checking '/home/v120506/rmitbot_v4/lesson9_ws/install/rmitbot_description/lib/python3.12/site-packages'
[0.425s] Level 1:colcon.colcon_core.environment:checking '/home/v120506/rmitbot_v4/lesson9_ws/install/rmitbot_description/bin'
[0.426s] INFO:colcon.colcon_core.shell:Creating package script '/home/v120506/rmitbot_v4/lesson9_ws/install/rmitbot_description/share/rmitbot_description/package.ps1'
[0.426s] INFO:colcon.colcon_core.shell:Creating package descriptor '/home/v120506/rmitbot_v4/lesson9_ws/install/rmitbot_description/share/rmitbot_description/package.dsv'
[0.426s] INFO:colcon.colcon_core.shell:Creating package script '/home/v120506/rmitbot_v4/lesson9_ws/install/rmitbot_description/share/rmitbot_description/package.sh'
[0.427s] INFO:colcon.colcon_core.shell:Creating package script '/home/v120506/rmitbot_v4/lesson9_ws/install/rmitbot_description/share/rmitbot_description/package.bash'
[0.427s] INFO:colcon.colcon_core.shell:Creating package script '/home/v120506/rmitbot_v4/lesson9_ws/install/rmitbot_description/share/rmitbot_description/package.zsh'
[0.427s] Level 1:colcon.colcon_core.environment:create_file_with_runtime_dependencies(/home/v120506/rmitbot_v4/lesson9_ws/install/rmitbot_description/share/colcon-core/packages/rmitbot_description)
[0.428s] Level 1:colcon.colcon_core.environment:create_environment_scripts_only(rmitbot_description)
[0.428s] Level 1:colcon.colcon_core.environment:checking '/home/v120506/rmitbot_v4/lesson9_ws/install/rmitbot_description' for CMake module files
[0.429s] Level 1:colcon.colcon_core.environment:checking '/home/v120506/rmitbot_v4/lesson9_ws/install/rmitbot_description' for CMake config files
[0.429s] Level 1:colcon.colcon_core.shell:create_environment_hook('rmitbot_description', 'cmake_prefix_path')
[0.429s] INFO:colcon.colcon_core.shell:Creating environment hook '/home/v120506/rmitbot_v4/lesson9_ws/install/rmitbot_description/share/rmitbot_description/hook/cmake_prefix_path.ps1'
[0.429s] INFO:colcon.colcon_core.shell:Creating environment descriptor '/home/v120506/rmitbot_v4/lesson9_ws/install/rmitbot_description/share/rmitbot_description/hook/cmake_prefix_path.dsv'
[0.429s] INFO:colcon.colcon_core.shell:Creating environment hook '/home/v120506/rmitbot_v4/lesson9_ws/install/rmitbot_description/share/rmitbot_description/hook/cmake_prefix_path.sh'
[0.430s] Level 1:colcon.colcon_core.environment:checking '/home/v120506/rmitbot_v4/lesson9_ws/install/rmitbot_description/bin'
[0.430s] Level 1:colcon.colcon_core.environment:checking '/home/v120506/rmitbot_v4/lesson9_ws/install/rmitbot_description/lib/pkgconfig/rmitbot_description.pc'
[0.430s] Level 1:colcon.colcon_core.environment:checking '/home/v120506/rmitbot_v4/lesson9_ws/install/rmitbot_description/lib/python3.12/site-packages'
[0.431s] Level 1:colcon.colcon_core.environment:checking '/home/v120506/rmitbot_v4/lesson9_ws/install/rmitbot_description/bin'
[0.431s] INFO:colcon.colcon_core.shell:Creating package script '/home/v120506/rmitbot_v4/lesson9_ws/install/rmitbot_description/share/rmitbot_description/package.ps1'
[0.432s] INFO:colcon.colcon_core.shell:Creating package descriptor '/home/v120506/rmitbot_v4/lesson9_ws/install/rmitbot_description/share/rmitbot_description/package.dsv'
[0.433s] INFO:colcon.colcon_core.shell:Creating package script '/home/v120506/rmitbot_v4/lesson9_ws/install/rmitbot_description/share/rmitbot_description/package.sh'
[0.433s] INFO:colcon.colcon_core.shell:Creating package script '/home/v120506/rmitbot_v4/lesson9_ws/install/rmitbot_description/share/rmitbot_description/package.bash'
[0.434s] INFO:colcon.colcon_core.shell:Creating package script '/home/v120506/rmitbot_v4/lesson9_ws/install/rmitbot_description/share/rmitbot_description/package.zsh'
[0.434s] Level 1:colcon.colcon_core.environment:create_file_with_runtime_dependencies(/home/v120506/rmitbot_v4/lesson9_ws/install/rmitbot_description/share/colcon-core/packages/rmitbot_description)
[0.435s] Level 1:colcon.colcon_core.environment:create_environment_scripts_only(rmitbot_mapping)
[0.435s] Level 1:colcon.colcon_core.environment:checking '/home/v120506/rmitbot_v4/lesson9_ws/install/rmitbot_mapping' for CMake module files
[0.436s] Level 1:colcon.colcon_core.environment:checking '/home/v120506/rmitbot_v4/lesson9_ws/install/rmitbot_mapping' for CMake config files
[0.436s] DEBUG:colcon.colcon_core.event_handler.log_command:Invoked command in '/home/v120506/rmitbot_v4/lesson9_ws/build/rmitbot_mapping' returned '0': CMAKE_PREFIX_PATH=${CMAKE_PREFIX_PATH}:/opt/ros/jazzy DEBUGINFOD_URLS=https://debuginfod.ubuntu.com /usr/bin/cmake --install /home/v120506/rmitbot_v4/lesson9_ws/build/rmitbot_mapping
[0.436s] Level 1:colcon.colcon_core.shell:create_environment_hook('rmitbot_mapping', 'cmake_prefix_path')
[0.437s] INFO:colcon.colcon_core.shell:Creating environment hook '/home/v120506/rmitbot_v4/lesson9_ws/install/rmitbot_mapping/share/rmitbot_mapping/hook/cmake_prefix_path.ps1'
[0.437s] INFO:colcon.colcon_core.shell:Creating environment descriptor '/home/v120506/rmitbot_v4/lesson9_ws/install/rmitbot_mapping/share/rmitbot_mapping/hook/cmake_prefix_path.dsv'
[0.437s] INFO:colcon.colcon_core.shell:Creating environment hook '/home/v120506/rmitbot_v4/lesson9_ws/install/rmitbot_mapping/share/rmitbot_mapping/hook/cmake_prefix_path.sh'
[0.438s] Level 1:colcon.colcon_core.environment:checking '/home/v120506/rmitbot_v4/lesson9_ws/install/rmitbot_mapping/bin'
[0.438s] Level 1:colcon.colcon_core.environment:checking '/home/v120506/rmitbot_v4/lesson9_ws/install/rmitbot_mapping/lib/pkgconfig/rmitbot_mapping.pc'
[0.438s] Level 1:colcon.colcon_core.environment:checking '/home/v120506/rmitbot_v4/lesson9_ws/install/rmitbot_mapping/lib/python3.12/site-packages'
[0.439s] Level 1:colcon.colcon_core.environment:checking '/home/v120506/rmitbot_v4/lesson9_ws/install/rmitbot_mapping/bin'
[0.439s] INFO:colcon.colcon_core.shell:Creating package script '/home/v120506/rmitbot_v4/lesson9_ws/install/rmitbot_mapping/share/rmitbot_mapping/package.ps1'
[0.439s] INFO:colcon.colcon_core.shell:Creating package descriptor '/home/v120506/rmitbot_v4/lesson9_ws/install/rmitbot_mapping/share/rmitbot_mapping/package.dsv'
[0.440s] INFO:colcon.colcon_core.shell:Creating package script '/home/v120506/rmitbot_v4/lesson9_ws/install/rmitbot_mapping/share/rmitbot_mapping/package.sh'
[0.440s] INFO:colcon.colcon_core.shell:Creating package script '/home/v120506/rmitbot_v4/lesson9_ws/install/rmitbot_mapping/share/rmitbot_mapping/package.bash'
[0.441s] INFO:colcon.colcon_core.shell:Creating package script '/home/v120506/rmitbot_v4/lesson9_ws/install/rmitbot_mapping/share/rmitbot_mapping/package.zsh'
[0.441s] Level 1:colcon.colcon_core.environment:create_file_with_runtime_dependencies(/home/v120506/rmitbot_v4/lesson9_ws/install/rmitbot_mapping/share/colcon-core/packages/rmitbot_mapping)
[0.442s] Level 1:colcon.colcon_core.environment:create_environment_scripts_only(rmitbot_mapping)
[0.442s] Level 1:colcon.colcon_core.environment:checking '/home/v120506/rmitbot_v4/lesson9_ws/install/rmitbot_mapping' for CMake module files
[0.443s] Level 1:colcon.colcon_core.environment:checking '/home/v120506/rmitbot_v4/lesson9_ws/install/rmitbot_mapping' for CMake config files
[0.443s] Level 1:colcon.colcon_core.shell:create_environment_hook('rmitbot_mapping', 'cmake_prefix_path')
[0.443s] INFO:colcon.colcon_core.shell:Creating environment hook '/home/v120506/rmitbot_v4/lesson9_ws/install/rmitbot_mapping/share/rmitbot_mapping/hook/cmake_prefix_path.ps1'
[0.444s] INFO:colcon.colcon_core.shell:Creating environment descriptor '/home/v120506/rmitbot_v4/lesson9_ws/install/rmitbot_mapping/share/rmitbot_mapping/hook/cmake_prefix_path.dsv'
[0.444s] INFO:colcon.colcon_core.shell:Creating environment hook '/home/v120506/rmitbot_v4/lesson9_ws/install/rmitbot_mapping/share/rmitbot_mapping/hook/cmake_prefix_path.sh'
[0.445s] Level 1:colcon.colcon_core.environment:checking '/home/v120506/rmitbot_v4/lesson9_ws/install/rmitbot_mapping/bin'
[0.445s] Level 1:colcon.colcon_core.environment:checking '/home/v120506/rmitbot_v4/lesson9_ws/install/rmitbot_mapping/lib/pkgconfig/rmitbot_mapping.pc'
[0.445s] Level 1:colcon.colcon_core.environment:checking '/home/v120506/rmitbot_v4/lesson9_ws/install/rmitbot_mapping/lib/python3.12/site-packages'
[0.445s] Level 1:colcon.colcon_core.environment:checking '/home/v120506/rmitbot_v4/lesson9_ws/install/rmitbot_mapping/bin'
[0.445s] INFO:colcon.colcon_core.shell:Creating package script '/home/v120506/rmitbot_v4/lesson9_ws/install/rmitbot_mapping/share/rmitbot_mapping/package.ps1'
[0.446s] INFO:colcon.colcon_core.shell:Creating package descriptor '/home/v120506/rmitbot_v4/lesson9_ws/install/rmitbot_mapping/share/rmitbot_mapping/package.dsv'
[0.446s] INFO:colcon.colcon_core.shell:Creating package script '/home/v120506/rmitbot_v4/lesson9_ws/install/rmitbot_mapping/share/rmitbot_mapping/package.sh'
[0.447s] INFO:colcon.colcon_core.shell:Creating package script '/home/v120506/rmitbot_v4/lesson9_ws/install/rmitbot_mapping/share/rmitbot_mapping/package.bash'
[0.447s] INFO:colcon.colcon_core.shell:Creating package script '/home/v120506/rmitbot_v4/lesson9_ws/install/rmitbot_mapping/share/rmitbot_mapping/package.zsh'
[0.447s] Level 1:colcon.colcon_core.environment:create_file_with_runtime_dependencies(/home/v120506/rmitbot_v4/lesson9_ws/install/rmitbot_mapping/share/colcon-core/packages/rmitbot_mapping)
[0.974s] DEBUG:colcon.colcon_core.event_handler.log_command:Invoked command in '/home/v120506/rmitbot_v4/lesson9_ws/build/rmitbot_localization' returned '0': CMAKE_PREFIX_PATH=${CMAKE_PREFIX_PATH}:/opt/ros/jazzy DEBUGINFOD_URLS=https://debuginfod.ubuntu.com /usr/bin/cmake --build /home/v120506/rmitbot_v4/lesson9_ws/build/rmitbot_localization -- -j8 -l8
[0.975s] DEBUG:colcon.colcon_core.event_handler.log_command:Invoking command in '/home/v120506/rmitbot_v4/lesson9_ws/build/rmitbot_localization': CMAKE_PREFIX_PATH=${CMAKE_PREFIX_PATH}:/opt/ros/jazzy DEBUGINFOD_URLS=https://debuginfod.ubuntu.com /usr/bin/cmake --install /home/v120506/rmitbot_v4/lesson9_ws/build/rmitbot_localization
[0.986s] Level 1:colcon.colcon_core.environment:create_environment_scripts_only(rmitbot_localization)
[0.986s] Level 1:colcon.colcon_core.environment:checking '/home/v120506/rmitbot_v4/lesson9_ws/install/rmitbot_localization' for CMake module files
[0.987s] DEBUG:colcon.colcon_core.event_handler.log_command:Invoked command in '/home/v120506/rmitbot_v4/lesson9_ws/build/rmitbot_localization' returned '0': CMAKE_PREFIX_PATH=${CMAKE_PREFIX_PATH}:/opt/ros/jazzy DEBUGINFOD_URLS=https://debuginfod.ubuntu.com /usr/bin/cmake --install /home/v120506/rmitbot_v4/lesson9_ws/build/rmitbot_localization
[0.987s] Level 1:colcon.colcon_core.environment:checking '/home/v120506/rmitbot_v4/lesson9_ws/install/rmitbot_localization' for CMake config files
[0.988s] Level 1:colcon.colcon_core.shell:create_environment_hook('rmitbot_localization', 'cmake_prefix_path')
[0.988s] INFO:colcon.colcon_core.shell:Creating environment hook '/home/v120506/rmitbot_v4/lesson9_ws/install/rmitbot_localization/share/rmitbot_localization/hook/cmake_prefix_path.ps1'
[0.989s] INFO:colcon.colcon_core.shell:Creating environment descriptor '/home/v120506/rmitbot_v4/lesson9_ws/install/rmitbot_localization/share/rmitbot_localization/hook/cmake_prefix_path.dsv'
[0.989s] INFO:colcon.colcon_core.shell:Creating environment hook '/home/v120506/rmitbot_v4/lesson9_ws/install/rmitbot_localization/share/rmitbot_localization/hook/cmake_prefix_path.sh'
[0.990s] Level 1:colcon.colcon_core.environment:checking '/home/v120506/rmitbot_v4/lesson9_ws/install/rmitbot_localization/bin'
[0.990s] Level 1:colcon.colcon_core.environment:checking '/home/v120506/rmitbot_v4/lesson9_ws/install/rmitbot_localization/lib/pkgconfig/rmitbot_localization.pc'
[0.990s] Level 1:colcon.colcon_core.environment:checking '/home/v120506/rmitbot_v4/lesson9_ws/install/rmitbot_localization/lib/python3.12/site-packages'
[0.991s] Level 1:colcon.colcon_core.environment:checking '/home/v120506/rmitbot_v4/lesson9_ws/install/rmitbot_localization/bin'
[0.991s] INFO:colcon.colcon_core.shell:Creating package script '/home/v120506/rmitbot_v4/lesson9_ws/install/rmitbot_localization/share/rmitbot_localization/package.ps1'
[0.992s] INFO:colcon.colcon_core.shell:Creating package descriptor '/home/v120506/rmitbot_v4/lesson9_ws/install/rmitbot_localization/share/rmitbot_localization/package.dsv'
[0.993s] INFO:colcon.colcon_core.shell:Creating package script '/home/v120506/rmitbot_v4/lesson9_ws/install/rmitbot_localization/share/rmitbot_localization/package.sh'
[0.993s] INFO:colcon.colcon_core.shell:Creating package script '/home/v120506/rmitbot_v4/lesson9_ws/install/rmitbot_localization/share/rmitbot_localization/package.bash'
[0.993s] INFO:colcon.colcon_core.shell:Creating package script '/home/v120506/rmitbot_v4/lesson9_ws/install/rmitbot_localization/share/rmitbot_localization/package.zsh'
[0.994s] Level 1:colcon.colcon_core.environment:create_file_with_runtime_dependencies(/home/v120506/rmitbot_v4/lesson9_ws/install/rmitbot_localization/share/colcon-core/packages/rmitbot_localization)
[0.994s] Level 1:colcon.colcon_core.environment:create_environment_scripts_only(rmitbot_localization)
[0.994s] Level 1:colcon.colcon_core.environment:checking '/home/v120506/rmitbot_v4/lesson9_ws/install/rmitbot_localization' for CMake module files
[0.995s] Level 1:colcon.colcon_core.environment:checking '/home/v120506/rmitbot_v4/lesson9_ws/install/rmitbot_localization' for CMake config files
[0.996s] Level 1:colcon.colcon_core.shell:create_environment_hook('rmitbot_localization', 'cmake_prefix_path')
[0.996s] INFO:colcon.colcon_core.shell:Creating environment hook '/home/v120506/rmitbot_v4/lesson9_ws/install/rmitbot_localization/share/rmitbot_localization/hook/cmake_prefix_path.ps1'
[0.997s] INFO:colcon.colcon_core.shell:Creating environment descriptor '/home/v120506/rmitbot_v4/lesson9_ws/install/rmitbot_localization/share/rmitbot_localization/hook/cmake_prefix_path.dsv'
[0.997s] INFO:colcon.colcon_core.shell:Creating environment hook '/home/v120506/rmitbot_v4/lesson9_ws/install/rmitbot_localization/share/rmitbot_localization/hook/cmake_prefix_path.sh'
[0.998s] Level 1:colcon.colcon_core.environment:checking '/home/v120506/rmitbot_v4/lesson9_ws/install/rmitbot_localization/bin'
[0.998s] Level 1:colcon.colcon_core.environment:checking '/home/v120506/rmitbot_v4/lesson9_ws/install/rmitbot_localization/lib/pkgconfig/rmitbot_localization.pc'
[0.999s] Level 1:colcon.colcon_core.environment:checking '/home/v120506/rmitbot_v4/lesson9_ws/install/rmitbot_localization/lib/python3.12/site-packages'
[0.999s] Level 1:colcon.colcon_core.environment:checking '/home/v120506/rmitbot_v4/lesson9_ws/install/rmitbot_localization/bin'
[1.000s] INFO:colcon.colcon_core.shell:Creating package script '/home/v120506/rmitbot_v4/lesson9_ws/install/rmitbot_localization/share/rmitbot_localization/package.ps1'
[1.000s] INFO:colcon.colcon_core.shell:Creating package descriptor '/home/v120506/rmitbot_v4/lesson9_ws/install/rmitbot_localization/share/rmitbot_localization/package.dsv'
[1.001s] INFO:colcon.colcon_core.shell:Creating package script '/home/v120506/rmitbot_v4/lesson9_ws/install/rmitbot_localization/share/rmitbot_localization/package.sh'
[1.002s] INFO:colcon.colcon_core.shell:Creating package script '/home/v120506/rmitbot_v4/lesson9_ws/install/rmitbot_localization/share/rmitbot_localization/package.bash'
[1.003s] INFO:colcon.colcon_core.shell:Creating package script '/home/v120506/rmitbot_v4/lesson9_ws/install/rmitbot_localization/share/rmitbot_localization/package.zsh'
[1.004s] Level 1:colcon.colcon_core.environment:create_file_with_runtime_dependencies(/home/v120506/rmitbot_v4/lesson9_ws/install/rmitbot_localization/share/colcon-core/packages/rmitbot_localization)
[5.960s] DEBUG:colcon.colcon_core.event_handler.log_command:Invoked command in '/home/v120506/rmitbot_v4/lesson9_ws/build/rmitbot_firmware' returned '0': CMAKE_PREFIX_PATH=${CMAKE_PREFIX_PATH}:/opt/ros/jazzy DEBUGINFOD_URLS=https://debuginfod.ubuntu.com /usr/bin/cmake --build /home/v120506/rmitbot_v4/lesson9_ws/build/rmitbot_firmware -- -j8 -l8
[5.961s] DEBUG:colcon.colcon_core.event_handler.log_command:Invoking command in '/home/v120506/rmitbot_v4/lesson9_ws/build/rmitbot_firmware': CMAKE_PREFIX_PATH=${CMAKE_PREFIX_PATH}:/opt/ros/jazzy DEBUGINFOD_URLS=https://debuginfod.ubuntu.com /usr/bin/cmake --install /home/v120506/rmitbot_v4/lesson9_ws/build/rmitbot_firmware
[5.972s] Level 1:colcon.colcon_core.environment:create_environment_scripts_only(rmitbot_firmware)
[5.972s] Level 1:colcon.colcon_core.environment:checking '/home/v120506/rmitbot_v4/lesson9_ws/install/rmitbot_firmware' for CMake module files
[5.972s] DEBUG:colcon.colcon_core.event_handler.log_command:Invoked command in '/home/v120506/rmitbot_v4/lesson9_ws/build/rmitbot_firmware' returned '0': CMAKE_PREFIX_PATH=${CMAKE_PREFIX_PATH}:/opt/ros/jazzy DEBUGINFOD_URLS=https://debuginfod.ubuntu.com /usr/bin/cmake --install /home/v120506/rmitbot_v4/lesson9_ws/build/rmitbot_firmware
[5.972s] Level 1:colcon.colcon_core.environment:checking '/home/v120506/rmitbot_v4/lesson9_ws/install/rmitbot_firmware' for CMake config files
[5.973s] Level 1:colcon.colcon_core.shell:create_environment_hook('rmitbot_firmware', 'cmake_prefix_path')
[5.973s] INFO:colcon.colcon_core.shell:Creating environment hook '/home/v120506/rmitbot_v4/lesson9_ws/install/rmitbot_firmware/share/rmitbot_firmware/hook/cmake_prefix_path.ps1'
[5.973s] INFO:colcon.colcon_core.shell:Creating environment descriptor '/home/v120506/rmitbot_v4/lesson9_ws/install/rmitbot_firmware/share/rmitbot_firmware/hook/cmake_prefix_path.dsv'
[5.973s] INFO:colcon.colcon_core.shell:Creating environment hook '/home/v120506/rmitbot_v4/lesson9_ws/install/rmitbot_firmware/share/rmitbot_firmware/hook/cmake_prefix_path.sh'
[5.974s] Level 1:colcon.colcon_core.environment:checking '/home/v120506/rmitbot_v4/lesson9_ws/install/rmitbot_firmware/lib'
[5.974s] Level 1:colcon.colcon_core.shell:create_environment_hook('rmitbot_firmware', 'ld_library_path_lib')
[5.974s] INFO:colcon.colcon_core.shell:Creating environment hook '/home/v120506/rmitbot_v4/lesson9_ws/install/rmitbot_firmware/share/rmitbot_firmware/hook/ld_library_path_lib.ps1'
[5.974s] INFO:colcon.colcon_core.shell:Creating environment descriptor '/home/v120506/rmitbot_v4/lesson9_ws/install/rmitbot_firmware/share/rmitbot_firmware/hook/ld_library_path_lib.dsv'
[5.975s] INFO:colcon.colcon_core.shell:Creating environment hook '/home/v120506/rmitbot_v4/lesson9_ws/install/rmitbot_firmware/share/rmitbot_firmware/hook/ld_library_path_lib.sh'
[5.975s] Level 1:colcon.colcon_core.environment:checking '/home/v120506/rmitbot_v4/lesson9_ws/install/rmitbot_firmware/bin'
[5.975s] Level 1:colcon.colcon_core.environment:checking '/home/v120506/rmitbot_v4/lesson9_ws/install/rmitbot_firmware/lib/pkgconfig/rmitbot_firmware.pc'
[5.975s] Level 1:colcon.colcon_core.environment:checking '/home/v120506/rmitbot_v4/lesson9_ws/install/rmitbot_firmware/lib/python3.12/site-packages'
[5.975s] Level 1:colcon.colcon_core.environment:checking '/home/v120506/rmitbot_v4/lesson9_ws/install/rmitbot_firmware/bin'
[5.976s] INFO:colcon.colcon_core.shell:Creating package script '/home/v120506/rmitbot_v4/lesson9_ws/install/rmitbot_firmware/share/rmitbot_firmware/package.ps1'
[5.976s] INFO:colcon.colcon_core.shell:Creating package descriptor '/home/v120506/rmitbot_v4/lesson9_ws/install/rmitbot_firmware/share/rmitbot_firmware/package.dsv'
[5.976s] INFO:colcon.colcon_core.shell:Creating package script '/home/v120506/rmitbot_v4/lesson9_ws/install/rmitbot_firmware/share/rmitbot_firmware/package.sh'
[5.977s] INFO:colcon.colcon_core.shell:Creating package script '/home/v120506/rmitbot_v4/lesson9_ws/install/rmitbot_firmware/share/rmitbot_firmware/package.bash'
[5.977s] INFO:colcon.colcon_core.shell:Creating package script '/home/v120506/rmitbot_v4/lesson9_ws/install/rmitbot_firmware/share/rmitbot_firmware/package.zsh'
[5.977s] Level 1:colcon.colcon_core.environment:create_file_with_runtime_dependencies(/home/v120506/rmitbot_v4/lesson9_ws/install/rmitbot_firmware/share/colcon-core/packages/rmitbot_firmware)
[5.977s] Level 1:colcon.colcon_core.environment:create_environment_scripts_only(rmitbot_firmware)
[5.978s] Level 1:colcon.colcon_core.environment:checking '/home/v120506/rmitbot_v4/lesson9_ws/install/rmitbot_firmware' for CMake module files
[5.978s] Level 1:colcon.colcon_core.environment:checking '/home/v120506/rmitbot_v4/lesson9_ws/install/rmitbot_firmware' for CMake config files
[5.978s] Level 1:colcon.colcon_core.shell:create_environment_hook('rmitbot_firmware', 'cmake_prefix_path')
[5.978s] INFO:colcon.colcon_core.shell:Creating environment hook '/home/v120506/rmitbot_v4/lesson9_ws/install/rmitbot_firmware/share/rmitbot_firmware/hook/cmake_prefix_path.ps1'
[5.978s] INFO:colcon.colcon_core.shell:Creating environment descriptor '/home/v120506/rmitbot_v4/lesson9_ws/install/rmitbot_firmware/share/rmitbot_firmware/hook/cmake_prefix_path.dsv'
[5.979s] INFO:colcon.colcon_core.shell:Creating environment hook '/home/v120506/rmitbot_v4/lesson9_ws/install/rmitbot_firmware/share/rmitbot_firmware/hook/cmake_prefix_path.sh'
[5.979s] Level 1:colcon.colcon_core.environment:checking '/home/v120506/rmitbot_v4/lesson9_ws/install/rmitbot_firmware/lib'
[5.979s] Level 1:colcon.colcon_core.shell:create_environment_hook('rmitbot_firmware', 'ld_library_path_lib')
[5.979s] INFO:colcon.colcon_core.shell:Creating environment hook '/home/v120506/rmitbot_v4/lesson9_ws/install/rmitbot_firmware/share/rmitbot_firmware/hook/ld_library_path_lib.ps1'
[5.980s] INFO:colcon.colcon_core.shell:Creating environment descriptor '/home/v120506/rmitbot_v4/lesson9_ws/install/rmitbot_firmware/share/rmitbot_firmware/hook/ld_library_path_lib.dsv'
[5.980s] INFO:colcon.colcon_core.shell:Creating environment hook '/home/v120506/rmitbot_v4/lesson9_ws/install/rmitbot_firmware/share/rmitbot_firmware/hook/ld_library_path_lib.sh'
[5.980s] Level 1:colcon.colcon_core.environment:checking '/home/v120506/rmitbot_v4/lesson9_ws/install/rmitbot_firmware/bin'
[5.980s] Level 1:colcon.colcon_core.environment:checking '/home/v120506/rmitbot_v4/lesson9_ws/install/rmitbot_firmware/lib/pkgconfig/rmitbot_firmware.pc'
[5.980s] Level 1:colcon.colcon_core.environment:checking '/home/v120506/rmitbot_v4/lesson9_ws/install/rmitbot_firmware/lib/python3.12/site-packages'
[5.981s] Level 1:colcon.colcon_core.environment:checking '/home/v120506/rmitbot_v4/lesson9_ws/install/rmitbot_firmware/bin'
[5.981s] INFO:colcon.colcon_core.shell:Creating package script '/home/v120506/rmitbot_v4/lesson9_ws/install/rmitbot_firmware/share/rmitbot_firmware/package.ps1'
[5.981s] INFO:colcon.colcon_core.shell:Creating package descriptor '/home/v120506/rmitbot_v4/lesson9_ws/install/rmitbot_firmware/share/rmitbot_firmware/package.dsv'
[5.982s] INFO:colcon.colcon_core.shell:Creating package script '/home/v120506/rmitbot_v4/lesson9_ws/install/rmitbot_firmware/share/rmitbot_firmware/package.sh'
[5.982s] INFO:colcon.colcon_core.shell:Creating package script '/home/v120506/rmitbot_v4/lesson9_ws/install/rmitbot_firmware/share/rmitbot_firmware/package.bash'
[5.982s] INFO:colcon.colcon_core.shell:Creating package script '/home/v120506/rmitbot_v4/lesson9_ws/install/rmitbot_firmware/share/rmitbot_firmware/package.zsh'
[5.983s] Level 1:colcon.colcon_core.environment:create_file_with_runtime_dependencies(/home/v120506/rmitbot_v4/lesson9_ws/install/rmitbot_firmware/share/colcon-core/packages/rmitbot_firmware)
[5.983s] DEBUG:colcon.colcon_parallel_executor.executor.parallel:closing loop
[5.983s] DEBUG:colcon.colcon_parallel_executor.executor.parallel:loop closed
[5.983s] DEBUG:colcon.colcon_parallel_executor.executor.parallel:run_until_complete finished with '0'
[5.983s] DEBUG:colcon.colcon_core.event_reactor:joining thread
[5.991s] INFO:colcon.colcon_core.plugin_system:Skipping extension 'colcon_notification.desktop_notification.terminal_notifier': Not used on non-Darwin systems
[5.991s] INFO:colcon.colcon_core.plugin_system:Skipping extension 'colcon_notification.desktop_notification.win32': Not used on non-Windows systems
[5.991s] INFO:colcon.colcon_notification.desktop_notification:Sending desktop notification using 'notify2'
[6.005s] DEBUG:colcon.colcon_core.event_reactor:joined thread
[6.005s] INFO:colcon.colcon_core.shell:Creating prefix script '/home/v120506/rmitbot_v4/lesson9_ws/install/local_setup.ps1'
[6.006s] INFO:colcon.colcon_core.shell:Creating prefix util module '/home/v120506/rmitbot_v4/lesson9_ws/install/_local_setup_util_ps1.py'
[6.007s] INFO:colcon.colcon_core.shell:Creating prefix chain script '/home/v120506/rmitbot_v4/lesson9_ws/install/setup.ps1'
[6.008s] INFO:colcon.colcon_core.shell:Creating prefix script '/home/v120506/rmitbot_v4/lesson9_ws/install/local_setup.sh'
[6.009s] INFO:colcon.colcon_core.shell:Creating prefix util module '/home/v120506/rmitbot_v4/lesson9_ws/install/_local_setup_util_sh.py'
[6.009s] INFO:colcon.colcon_core.shell:Creating prefix chain script '/home/v120506/rmitbot_v4/lesson9_ws/install/setup.sh'
[6.011s] INFO:colcon.colcon_core.shell:Creating prefix script '/home/v120506/rmitbot_v4/lesson9_ws/install/local_setup.bash'
[6.012s] INFO:colcon.colcon_core.shell:Creating prefix chain script '/home/v120506/rmitbot_v4/lesson9_ws/install/setup.bash'
[6.013s] INFO:colcon.colcon_core.shell:Creating prefix script '/home/v120506/rmitbot_v4/lesson9_ws/install/local_setup.zsh'
[6.013s] INFO:colcon.colcon_core.shell:Creating prefix chain script '/home/v120506/rmitbot_v4/lesson9_ws/install/setup.zsh'
